Archive member included to satisfy reference by file (symbol)

c:/nxp/s32ds_power_v2017.r1/cross_tools/powerpc-eabivle-4_9/bin/../lib/gcc/powerpc-eabivle/4.9.4/e200z2\libgcc.a(eabivle.o)
                              ./src/enet_rmii_udp_Z2_3.o (__eabi)

Discarded input sections

 .text          0x00000000        0x0 c:/nxp/s32ds_power_v2017.r1/cross_tools/powerpc-eabivle-4_9/bin/../lib/gcc/powerpc-eabivle/4.9.4/e200z2/ecrti.o
 .data          0x00000000        0x0 c:/nxp/s32ds_power_v2017.r1/cross_tools/powerpc-eabivle-4_9/bin/../lib/gcc/powerpc-eabivle/4.9.4/e200z2/ecrti.o
 .bss           0x00000000        0x0 c:/nxp/s32ds_power_v2017.r1/cross_tools/powerpc-eabivle-4_9/bin/../lib/gcc/powerpc-eabivle/4.9.4/e200z2/ecrti.o
 .fixup         0x00000000        0x0 c:/nxp/s32ds_power_v2017.r1/cross_tools/powerpc-eabivle-4_9/bin/../lib/gcc/powerpc-eabivle/4.9.4/e200z2/ecrti.o
 .ctors         0x00000000        0x0 c:/nxp/s32ds_power_v2017.r1/cross_tools/powerpc-eabivle-4_9/bin/../lib/gcc/powerpc-eabivle/4.9.4/e200z2/ecrti.o
 .dtors         0x00000000        0x0 c:/nxp/s32ds_power_v2017.r1/cross_tools/powerpc-eabivle-4_9/bin/../lib/gcc/powerpc-eabivle/4.9.4/e200z2/ecrti.o
 .sbss          0x00000000        0x0 c:/nxp/s32ds_power_v2017.r1/cross_tools/powerpc-eabivle-4_9/bin/../lib/gcc/powerpc-eabivle/4.9.4/e200z2/ecrti.o
 .sbss2         0x00000000        0x0 c:/nxp/s32ds_power_v2017.r1/cross_tools/powerpc-eabivle-4_9/bin/../lib/gcc/powerpc-eabivle/4.9.4/e200z2/ecrti.o
 .gcc_except_table
                0x00000000        0x0 c:/nxp/s32ds_power_v2017.r1/cross_tools/powerpc-eabivle-4_9/bin/../lib/gcc/powerpc-eabivle/4.9.4/e200z2/ecrti.o
 .eh_frame      0x00000000        0x0 c:/nxp/s32ds_power_v2017.r1/cross_tools/powerpc-eabivle-4_9/bin/../lib/gcc/powerpc-eabivle/4.9.4/e200z2/ecrti.o
 .fini          0x00000000        0xa c:/nxp/s32ds_power_v2017.r1/cross_tools/powerpc-eabivle-4_9/bin/../lib/gcc/powerpc-eabivle/4.9.4/e200z2/ecrti.o
 .text          0x00000000      0x16c c:/nxp/s32ds_power_v2017.r1/cross_tools/powerpc-eabivle-4_9/bin/../lib/gcc/powerpc-eabivle/4.9.4/e200z2/crtbegin.o
 .data          0x00000000        0x4 c:/nxp/s32ds_power_v2017.r1/cross_tools/powerpc-eabivle-4_9/bin/../lib/gcc/powerpc-eabivle/4.9.4/e200z2/crtbegin.o
 .bss           0x00000000       0x20 c:/nxp/s32ds_power_v2017.r1/cross_tools/powerpc-eabivle-4_9/bin/../lib/gcc/powerpc-eabivle/4.9.4/e200z2/crtbegin.o
 .ctors         0x00000000        0x4 c:/nxp/s32ds_power_v2017.r1/cross_tools/powerpc-eabivle-4_9/bin/../lib/gcc/powerpc-eabivle/4.9.4/e200z2/crtbegin.o
 .dtors         0x00000000        0x4 c:/nxp/s32ds_power_v2017.r1/cross_tools/powerpc-eabivle-4_9/bin/../lib/gcc/powerpc-eabivle/4.9.4/e200z2/crtbegin.o
 .eh_frame      0x00000000        0x0 c:/nxp/s32ds_power_v2017.r1/cross_tools/powerpc-eabivle-4_9/bin/../lib/gcc/powerpc-eabivle/4.9.4/e200z2/crtbegin.o
 .jcr           0x00000000        0x0 c:/nxp/s32ds_power_v2017.r1/cross_tools/powerpc-eabivle-4_9/bin/../lib/gcc/powerpc-eabivle/4.9.4/e200z2/crtbegin.o
 .tm_clone_table
                0x00000000        0x0 c:/nxp/s32ds_power_v2017.r1/cross_tools/powerpc-eabivle-4_9/bin/../lib/gcc/powerpc-eabivle/4.9.4/e200z2/crtbegin.o
 .fini          0x00000000        0x4 c:/nxp/s32ds_power_v2017.r1/cross_tools/powerpc-eabivle-4_9/bin/../lib/gcc/powerpc-eabivle/4.9.4/e200z2/crtbegin.o
 .init          0x00000000        0x4 c:/nxp/s32ds_power_v2017.r1/cross_tools/powerpc-eabivle-4_9/bin/../lib/gcc/powerpc-eabivle/4.9.4/e200z2/crtbegin.o
 .data          0x00000000        0x0 ./src/intc_sw_handlers.o
 .bss           0x00000000        0x0 ./src/intc_sw_handlers.o
 .group         0x00000000        0x8 ./src/intc_SW_mode_isr_vectors_MPC5748G.o
 .group         0x00000000        0x8 ./src/intc_SW_mode_isr_vectors_MPC5748G.o
 .group         0x00000000        0x8 ./src/intc_SW_mode_isr_vectors_MPC5748G.o
 .group         0x00000000        0x8 ./src/intc_SW_mode_isr_vectors_MPC5748G.o
 .group         0x00000000        0x8 ./src/intc_SW_mode_isr_vectors_MPC5748G.o
 .group         0x00000000        0x8 ./src/intc_SW_mode_isr_vectors_MPC5748G.o
 .group         0x00000000        0x8 ./src/intc_SW_mode_isr_vectors_MPC5748G.o
 .group         0x00000000        0x8 ./src/intc_SW_mode_isr_vectors_MPC5748G.o
 .group         0x00000000        0x8 ./src/intc_SW_mode_isr_vectors_MPC5748G.o
 .text          0x00000000        0x0 ./src/intc_SW_mode_isr_vectors_MPC5748G.o
 .data          0x00000000        0x0 ./src/intc_SW_mode_isr_vectors_MPC5748G.o
 .bss           0x00000000        0x0 ./src/intc_SW_mode_isr_vectors_MPC5748G.o
 .group         0x00000000        0x8 ./src/enet_rmii_udp_Z2_3.o
 .group         0x00000000        0x8 ./src/enet_rmii_udp_Z2_3.o
 .group         0x00000000        0x8 ./src/enet_rmii_udp_Z2_3.o
 .group         0x00000000        0x8 ./src/enet_rmii_udp_Z2_3.o
 .group         0x00000000        0x8 ./src/enet_rmii_udp_Z2_3.o
 .group         0x00000000        0x8 ./src/enet_rmii_udp_Z2_3.o
 .group         0x00000000        0x8 ./src/enet_rmii_udp_Z2_3.o
 .group         0x00000000        0x8 ./src/enet_rmii_udp_Z2_3.o
 .group         0x00000000        0x8 ./src/enet_rmii_udp_Z2_3.o
 .group         0x00000000        0x8 ./src/enet_rmii_udp_Z2_3.o
 .data          0x00000000        0x0 ./src/enet_rmii_udp_Z2_3.o
 .bss           0x00000000        0x0 ./src/enet_rmii_udp_Z2_3.o
 .debug_macro   0x00000000      0x57a ./src/enet_rmii_udp_Z2_3.o
 .debug_macro   0x00000000       0x40 ./src/enet_rmii_udp_Z2_3.o
 .debug_macro   0x00000000       0x16 ./src/enet_rmii_udp_Z2_3.o
 .debug_macro   0x00000000       0x64 ./src/enet_rmii_udp_Z2_3.o
 .debug_macro   0x00000000      0x19d ./src/enet_rmii_udp_Z2_3.o
 .debug_macro   0x00000000      0x133 ./src/enet_rmii_udp_Z2_3.o
 .debug_macro   0x00000000       0x9d ./src/enet_rmii_udp_Z2_3.o
 .debug_macro   0x00000000       0x10 ./src/enet_rmii_udp_Z2_3.o
 .debug_macro   0x00000000      0x1a1 ./src/enet_rmii_udp_Z2_3.o
 .group         0x00000000        0x8 ./src/Vector.o
 .group         0x00000000        0x8 ./src/Vector.o
 .group         0x00000000        0x8 ./src/Vector.o
 .text          0x00000000        0x0 ./src/Vector.o
 .data          0x00000000        0x0 ./src/Vector.o
 .bss           0x00000000        0x0 ./src/Vector.o
 .debug_macro   0x00000000      0x57a ./src/Vector.o
 .debug_macro   0x00000000       0x40 ./src/Vector.o
 .debug_macro   0x00000000       0x16 ./src/Vector.o
 .group         0x00000000        0x8 ./src/MPC57xx__Interrupt_Init.o
 .group         0x00000000        0x8 ./src/MPC57xx__Interrupt_Init.o
 .group         0x00000000        0x8 ./src/MPC57xx__Interrupt_Init.o
 .group         0x00000000        0x8 ./src/MPC57xx__Interrupt_Init.o
 .group         0x00000000        0x8 ./src/MPC57xx__Interrupt_Init.o
 .group         0x00000000        0x8 ./src/MPC57xx__Interrupt_Init.o
 .group         0x00000000        0x8 ./src/MPC57xx__Interrupt_Init.o
 .group         0x00000000        0x8 ./src/MPC57xx__Interrupt_Init.o
 .group         0x00000000        0x8 ./src/MPC57xx__Interrupt_Init.o
 .group         0x00000000        0x8 ./src/MPC57xx__Interrupt_Init.o
 .text          0x00000000        0x0 ./src/MPC57xx__Interrupt_Init.o
 .data          0x00000000        0x0 ./src/MPC57xx__Interrupt_Init.o
 .bss           0x00000000        0x0 ./src/MPC57xx__Interrupt_Init.o
 .debug_macro   0x00000000      0x57a ./src/MPC57xx__Interrupt_Init.o
 .debug_macro   0x00000000       0x40 ./src/MPC57xx__Interrupt_Init.o
 .debug_macro   0x00000000       0x16 ./src/MPC57xx__Interrupt_Init.o
 .debug_macro   0x00000000       0x64 ./src/MPC57xx__Interrupt_Init.o
 .debug_macro   0x00000000      0x19d ./src/MPC57xx__Interrupt_Init.o
 .debug_macro   0x00000000      0x133 ./src/MPC57xx__Interrupt_Init.o
 .debug_macro   0x00000000       0x9d ./src/MPC57xx__Interrupt_Init.o
 .debug_macro   0x00000000       0x10 ./src/MPC57xx__Interrupt_Init.o
 .debug_macro   0x00000000      0x1a1 ./src/MPC57xx__Interrupt_Init.o
 .debug_macro   0x00000000    0x1814c ./src/MPC57xx__Interrupt_Init.o
 .text          0x00000000        0x0 ./Project_Settings/Startup_Code/startup.o
 .data          0x00000000        0x0 ./Project_Settings/Startup_Code/startup.o
 .bss           0x00000000        0x0 ./Project_Settings/Startup_Code/startup.o
 .bss           0x00000000        0x0 c:/nxp/s32ds_power_v2017.r1/cross_tools/powerpc-eabivle-4_9/bin/../lib/gcc/powerpc-eabivle/4.9.4/e200z2\libgcc.a(eabivle.o)
 .text          0x00000000       0x48 c:/nxp/s32ds_power_v2017.r1/cross_tools/powerpc-eabivle-4_9/bin/../lib/gcc/powerpc-eabivle/4.9.4/e200z2/crtend.o
 .data          0x00000000        0x0 c:/nxp/s32ds_power_v2017.r1/cross_tools/powerpc-eabivle-4_9/bin/../lib/gcc/powerpc-eabivle/4.9.4/e200z2/crtend.o
 .bss           0x00000000        0x0 c:/nxp/s32ds_power_v2017.r1/cross_tools/powerpc-eabivle-4_9/bin/../lib/gcc/powerpc-eabivle/4.9.4/e200z2/crtend.o
 .ctors         0x00000000        0x4 c:/nxp/s32ds_power_v2017.r1/cross_tools/powerpc-eabivle-4_9/bin/../lib/gcc/powerpc-eabivle/4.9.4/e200z2/crtend.o
 .dtors         0x00000000        0x4 c:/nxp/s32ds_power_v2017.r1/cross_tools/powerpc-eabivle-4_9/bin/../lib/gcc/powerpc-eabivle/4.9.4/e200z2/crtend.o
 .eh_frame      0x00000000        0x4 c:/nxp/s32ds_power_v2017.r1/cross_tools/powerpc-eabivle-4_9/bin/../lib/gcc/powerpc-eabivle/4.9.4/e200z2/crtend.o
 .jcr           0x00000000        0x4 c:/nxp/s32ds_power_v2017.r1/cross_tools/powerpc-eabivle-4_9/bin/../lib/gcc/powerpc-eabivle/4.9.4/e200z2/crtend.o
 .tm_clone_table
                0x00000000        0x0 c:/nxp/s32ds_power_v2017.r1/cross_tools/powerpc-eabivle-4_9/bin/../lib/gcc/powerpc-eabivle/4.9.4/e200z2/crtend.o
 .init          0x00000000        0x4 c:/nxp/s32ds_power_v2017.r1/cross_tools/powerpc-eabivle-4_9/bin/../lib/gcc/powerpc-eabivle/4.9.4/e200z2/crtend.o
 .text          0x00000000        0x0 c:/nxp/s32ds_power_v2017.r1/cross_tools/powerpc-eabivle-4_9/bin/../lib/gcc/powerpc-eabivle/4.9.4/e200z2/ecrtn.o
 .data          0x00000000        0x0 c:/nxp/s32ds_power_v2017.r1/cross_tools/powerpc-eabivle-4_9/bin/../lib/gcc/powerpc-eabivle/4.9.4/e200z2/ecrtn.o
 .bss           0x00000000        0x0 c:/nxp/s32ds_power_v2017.r1/cross_tools/powerpc-eabivle-4_9/bin/../lib/gcc/powerpc-eabivle/4.9.4/e200z2/ecrtn.o
 .fixup         0x00000000        0x0 c:/nxp/s32ds_power_v2017.r1/cross_tools/powerpc-eabivle-4_9/bin/../lib/gcc/powerpc-eabivle/4.9.4/e200z2/ecrtn.o
 .ctors         0x00000000        0x0 c:/nxp/s32ds_power_v2017.r1/cross_tools/powerpc-eabivle-4_9/bin/../lib/gcc/powerpc-eabivle/4.9.4/e200z2/ecrtn.o
 .dtors         0x00000000        0x0 c:/nxp/s32ds_power_v2017.r1/cross_tools/powerpc-eabivle-4_9/bin/../lib/gcc/powerpc-eabivle/4.9.4/e200z2/ecrtn.o
 .sdata         0x00000000        0x0 c:/nxp/s32ds_power_v2017.r1/cross_tools/powerpc-eabivle-4_9/bin/../lib/gcc/powerpc-eabivle/4.9.4/e200z2/ecrtn.o
 .sdata2        0x00000000        0x0 c:/nxp/s32ds_power_v2017.r1/cross_tools/powerpc-eabivle-4_9/bin/../lib/gcc/powerpc-eabivle/4.9.4/e200z2/ecrtn.o
 .gcc_except_table
                0x00000000        0x0 c:/nxp/s32ds_power_v2017.r1/cross_tools/powerpc-eabivle-4_9/bin/../lib/gcc/powerpc-eabivle/4.9.4/e200z2/ecrtn.o
 .eh_frame      0x00000000        0x4 c:/nxp/s32ds_power_v2017.r1/cross_tools/powerpc-eabivle-4_9/bin/../lib/gcc/powerpc-eabivle/4.9.4/e200z2/ecrtn.o
 .init          0x00000000        0xa c:/nxp/s32ds_power_v2017.r1/cross_tools/powerpc-eabivle-4_9/bin/../lib/gcc/powerpc-eabivle/4.9.4/e200z2/ecrtn.o
 .fini          0x00000000        0xa c:/nxp/s32ds_power_v2017.r1/cross_tools/powerpc-eabivle-4_9/bin/../lib/gcc/powerpc-eabivle/4.9.4/e200z2/ecrtn.o

Memory Configuration

Name             Origin             Length             Attributes
flash_rchw       0x00fa0000         0x00000004
cpu0_reset_vec   0x00fa0010         0x00000004
cpu1_reset_vec   0x00fa0014         0x00000004
cpu2_reset_vec   0x00fa0004         0x00000004
m_text           0x013a0000         0x001d0000
m_data           0x40080000         0x00040000
*default*        0x00000000         0xffffffff

Linker script and memory map

LOAD c:/nxp/s32ds_power_v2017.r1/cross_tools/powerpc-eabivle-4_9/bin/../lib/gcc/powerpc-eabivle/4.9.4/e200z2/ecrti.o
LOAD c:/nxp/s32ds_power_v2017.r1/cross_tools/powerpc-eabivle-4_9/bin/../lib/gcc/powerpc-eabivle/4.9.4/e200z2/crtbegin.o
LOAD ./src/intc_sw_handlers.o
LOAD ./src/intc_SW_mode_isr_vectors_MPC5748G.o
LOAD ./src/enet_rmii_udp_Z2_3.o
LOAD ./src/Vector.o
LOAD ./src/MPC57xx__Interrupt_Init.o
LOAD ./Project_Settings/Startup_Code/startup.o
START GROUP
LOAD C:/NXP/S32DS_Power_v2017.R1/S32DS/e200_ewl2/lib/e200z2\libc.a
LOAD C:/NXP/S32DS_Power_v2017.R1/S32DS/e200_ewl2/lib/e200z2\libm.a
LOAD c:/nxp/s32ds_power_v2017.r1/cross_tools/powerpc-eabivle-4_9/bin/../lib/gcc/powerpc-eabivle/4.9.4/e200z2\libgcc.a
END GROUP
LOAD c:/nxp/s32ds_power_v2017.r1/cross_tools/powerpc-eabivle-4_9/bin/../lib/gcc/powerpc-eabivle/4.9.4/e200z2/crtend.o
LOAD c:/nxp/s32ds_power_v2017.r1/cross_tools/powerpc-eabivle-4_9/bin/../lib/gcc/powerpc-eabivle/4.9.4/e200z2/ecrtn.o
                0x00000000                __HEAP_SIZE = 0x0
                0x00001000                __STACK_SIZE = 0x1000
                0x00040000                SRAM_SIZE = 0x40000
                0x40080000                SRAM_BASE_ADDR = 0x40080000

.rchw
 *(.rchw)

.cpu0_reset_vector
 *(.cpu0_reset_vector)

.cpu1_reset_vector
 *(.cpu1_reset_vector)

.cpu2_reset_vector
 *(.cpu2_reset_vector)

.startup        0x013a0000      0x1b6
                0x013a0000                __start = .
 *(.startup)
 .startup       0x013a0000      0x1b6 ./Project_Settings/Startup_Code/startup.o
                0x013a0000                _start

.core_exceptions_table
                0x013a1000       0xf4
                0x013a1000                __IVPR_VALUE = .
 *(.core_exceptions_table)
 .core_exceptions_table
                0x013a1000       0xf4 ./src/Vector.o
                0x013a1000                VTABLE
                0x013a1000                IVOR0_Vector
                0x013a1010                IVOR1_Vector
                0x013a1020                IVOR2_Vector
                0x013a1030                IVOR3_Vector
                0x013a1040                IVOR4_Vector
                0x013a1050                IVOR5_Vector
                0x013a1060                IVOR6_Vector
                0x013a1070                IVOR7_Vector
                0x013a1080                IVOR8_Vector
                0x013a1090                IVOR9_Vector
                0x013a10a0                IVOR10_Vector
                0x013a10b0                IVOR11_Vector
                0x013a10c0                IVOR12_Vector
                0x013a10d0                IVOR13_Vector
                0x013a10e0                IVOR14_Vector
                0x013a10f0                IVOR15_Vector

.intc_vector_table
                0x013a2000      0xbc8
 *(.intc_vector_table)
 .intc_vector_table
                0x013a2000      0xbc8 ./src/intc_SW_mode_isr_vectors_MPC5748G.o
                0x013a2000                IntcIsrVectorTable

.text           0x013a2bd0      0x1c0
 *(.text.startup)
 *(.text)
 .text          0x013a2bd0       0x48 ./src/intc_sw_handlers.o
                0x013a2bd0                IVOR4_Handler
 .text          0x013a2c18       0x22 ./src/enet_rmii_udp_Z2_3.o
                0x013a2c18                main
 .text          0x013a2c3a       0x4a c:/nxp/s32ds_power_v2017.r1/cross_tools/powerpc-eabivle-4_9/bin/../lib/gcc/powerpc-eabivle/4.9.4/e200z2\libgcc.a(eabivle.o)
                0x013a2c3a                __eabi
 *(.init)
 .init          0x013a2c84        0xa c:/nxp/s32ds_power_v2017.r1/cross_tools/powerpc-eabivle-4_9/bin/../lib/gcc/powerpc-eabivle/4.9.4/e200z2/ecrti.o
                0x013a2c84                __init
 *(.text.*)
 *fill*         0x013a2c8e        0x2 
 .text.dummy    0x013a2c90        0xc ./src/intc_SW_mode_isr_vectors_MPC5748G.o
                0x013a2c90                dummy
 .text.SetIVPR  0x013a2c9c       0x1a ./src/MPC57xx__Interrupt_Init.o
                0x013a2c9c                SetIVPR
 *fill*         0x013a2cb6        0x2 
 .text.InitINTC
                0x013a2cb8       0x68 ./src/MPC57xx__Interrupt_Init.o
                0x013a2cb8                InitINTC
 .text.enableIrq
                0x013a2d20       0x36 ./src/MPC57xx__Interrupt_Init.o
                0x013a2d20                enableIrq
 *fill*         0x013a2d56        0x2 
 .text.xcptn_xmpl
                0x013a2d58       0x34 ./src/MPC57xx__Interrupt_Init.o
                0x013a2d58                xcptn_xmpl
                0x013a2d90                . = ALIGN (0x10)
 *fill*         0x013a2d8c        0x4 

.glink          0x013a2d90        0x0
 .glink         0x013a2d90        0x0 c:/nxp/s32ds_power_v2017.r1/cross_tools/powerpc-eabivle-4_9/bin/../lib/gcc/powerpc-eabivle/4.9.4/e200z2/crtbegin.o

.rodata
 *(.rodata)
 *(.rodata.*)

.eh_frame       0x013a2d90        0x0
 .eh_frame      0x013a2d90        0x0 c:/nxp/s32ds_power_v2017.r1/cross_tools/powerpc-eabivle-4_9/bin/../lib/gcc/powerpc-eabivle/4.9.4/e200z2/crtbegin.o

.data           0x40080000        0x4 load address 0x013a2d90
 *(.data)
 .data          0x40080000        0x4 c:/nxp/s32ds_power_v2017.r1/cross_tools/powerpc-eabivle-4_9/bin/../lib/gcc/powerpc-eabivle/4.9.4/e200z2\libgcc.a(eabivle.o)
 *(.data.*)

.got2           0x40080004       0x1c load address 0x013a2d94
 .got2          0x40080004       0x1c c:/nxp/s32ds_power_v2017.r1/cross_tools/powerpc-eabivle-4_9/bin/../lib/gcc/powerpc-eabivle/4.9.4/e200z2\libgcc.a(eabivle.o)

.sdata2         0x40080020        0x0 load address 0x013a2db0
 *(.sdata2)
 .sdata2        0x40080020        0x0 c:/nxp/s32ds_power_v2017.r1/cross_tools/powerpc-eabivle-4_9/bin/../lib/gcc/powerpc-eabivle/4.9.4/e200z2/ecrti.o
 .sdata2        0x40080020        0x0 c:/nxp/s32ds_power_v2017.r1/cross_tools/powerpc-eabivle-4_9/bin/../lib/gcc/powerpc-eabivle/4.9.4/e200z2/crtbegin.o
 *(.sdata2.*)

.sbss2          0x40080020        0x0 load address 0x013a2db0
 *(.sbss2)
 .sbss2         0x40080020        0x0 c:/nxp/s32ds_power_v2017.r1/cross_tools/powerpc-eabivle-4_9/bin/../lib/gcc/powerpc-eabivle/4.9.4/e200z2/ecrtn.o
 *(.sbss2.*)

.rela.dyn       0x40080020        0x0 load address 0x013a2db0
 .rela.iplt     0x40080020        0x0 c:/nxp/s32ds_power_v2017.r1/cross_tools/powerpc-eabivle-4_9/bin/../lib/gcc/powerpc-eabivle/4.9.4/e200z2/crtbegin.o
 .rela.text     0x40080020        0x0 c:/nxp/s32ds_power_v2017.r1/cross_tools/powerpc-eabivle-4_9/bin/../lib/gcc/powerpc-eabivle/4.9.4/e200z2/crtbegin.o
 .rela.got2     0x40080020        0x0 c:/nxp/s32ds_power_v2017.r1/cross_tools/powerpc-eabivle-4_9/bin/../lib/gcc/powerpc-eabivle/4.9.4/e200z2/crtbegin.o

.sdata          0x40080020        0x0 load address 0x013a2db0
 *(.sdata)
 .sdata         0x40080020        0x0 c:/nxp/s32ds_power_v2017.r1/cross_tools/powerpc-eabivle-4_9/bin/../lib/gcc/powerpc-eabivle/4.9.4/e200z2/ecrti.o
 .sdata         0x40080020        0x0 c:/nxp/s32ds_power_v2017.r1/cross_tools/powerpc-eabivle-4_9/bin/../lib/gcc/powerpc-eabivle/4.9.4/e200z2/crtbegin.o
 *(.sdata.*)

.bss            0x40080020        0x0 load address 0x013a2db0
                0x40080020                __BSS_START = .
 *(.sbss)
 .sbss          0x40080020        0x0 c:/nxp/s32ds_power_v2017.r1/cross_tools/powerpc-eabivle-4_9/bin/../lib/gcc/powerpc-eabivle/4.9.4/e200z2/ecrtn.o
 *(.sbss.*)
 *(.bss)
 *(.bss.*)
 *(COMMON)
                0x40080020                __BSS_END = .

.iplt           0x40080020        0x0 load address 0x013a2db0
 .iplt          0x40080020        0x0 c:/nxp/s32ds_power_v2017.r1/cross_tools/powerpc-eabivle-4_9/bin/../lib/gcc/powerpc-eabivle/4.9.4/e200z2/crtbegin.o

.stack          0x40080020     0x1004 load address 0x013a2db0
                0x40080020                __HEAP = .
                0x40080020                . = (. + __HEAP_SIZE)
                0x40080020                __HEAP_END = .
                0x40080020                _stack_end = .
                0x40081020                . = (. + __STACK_SIZE)
 *fill*         0x40080020     0x1000 
                0x40081020                _stack_addr = .
                0x40081020                __SP_INIT = .
                0x40081024                . = (. + 0x4)
 *fill*         0x40081020        0x4 
                0x40080000                __DATA_SRAM_ADDR = ADDR (.data)
                0x40080020                __SDATA_SRAM_ADDR = ADDR (.sdata)
                0x00000004                __DATA_SIZE = SIZEOF (.data)
                0x00000000                __SDATA_SIZE = SIZEOF (.sdata)
                0x013a2d90                __DATA_ROM_ADDR = LOADADDR (.data)
                0x013a2db0                __SDATA_ROM_ADDR = LOADADDR (.sdata)
                0x00040000                __SRAM_SIZE = SRAM_SIZE
                0x40080000                __SRAM_BASE_ADDR = SRAM_BASE_ADDR
                0x00000000                __BSS_SIZE = (__BSS_END - __BSS_START)
OUTPUT(enet_rmii_udp_Z2_3.elf elf32-powerpc)

.comment        0x00000000       0xa8
 .comment       0x00000000        0xd c:/nxp/s32ds_power_v2017.r1/cross_tools/powerpc-eabivle-4_9/bin/../lib/gcc/powerpc-eabivle/4.9.4/e200z2/ecrti.o
                                  0xe (size before relaxing)
 .comment       0x0000000d       0x8e c:/nxp/s32ds_power_v2017.r1/cross_tools/powerpc-eabivle-4_9/bin/../lib/gcc/powerpc-eabivle/4.9.4/e200z2/crtbegin.o
                                 0x8f (size before relaxing)
 .comment       0x0000009b       0x8f ./src/intc_SW_mode_isr_vectors_MPC5748G.o
 .comment       0x0000009b       0x8f ./src/enet_rmii_udp_Z2_3.o
 .comment       0x0000009b       0x8f ./src/Vector.o
 .comment       0x0000009b       0x8f ./src/MPC57xx__Interrupt_Init.o
 .comment       0x0000009b       0x8f c:/nxp/s32ds_power_v2017.r1/cross_tools/powerpc-eabivle-4_9/bin/../lib/gcc/powerpc-eabivle/4.9.4/e200z2/crtend.o
 .comment       0x0000009b        0xd c:/nxp/s32ds_power_v2017.r1/cross_tools/powerpc-eabivle-4_9/bin/../lib/gcc/powerpc-eabivle/4.9.4/e200z2/ecrtn.o
                                  0xe (size before relaxing)

.PPC.EMB.apuinfo
                0x00000000       0x18
 .PPC.EMB.apuinfo
                0x00000000       0x18 c:/nxp/s32ds_power_v2017.r1/cross_tools/powerpc-eabivle-4_9/bin/../lib/gcc/powerpc-eabivle/4.9.4/e200z2/ecrti.o
 .PPC.EMB.apuinfo
                0x00000018       0x18 c:/nxp/s32ds_power_v2017.r1/cross_tools/powerpc-eabivle-4_9/bin/../lib/gcc/powerpc-eabivle/4.9.4/e200z2/crtbegin.o
 .PPC.EMB.apuinfo
                0x00000030       0x18 ./src/intc_sw_handlers.o
 .PPC.EMB.apuinfo
                0x00000048       0x18 ./src/intc_SW_mode_isr_vectors_MPC5748G.o
 .PPC.EMB.apuinfo
                0x00000060       0x18 ./src/enet_rmii_udp_Z2_3.o
 .PPC.EMB.apuinfo
                0x00000078       0x18 ./src/Vector.o
 .PPC.EMB.apuinfo
                0x00000090       0x18 ./src/MPC57xx__Interrupt_Init.o
 .PPC.EMB.apuinfo
                0x000000a8       0x18 ./Project_Settings/Startup_Code/startup.o
 .PPC.EMB.apuinfo
                0x000000c0       0x18 c:/nxp/s32ds_power_v2017.r1/cross_tools/powerpc-eabivle-4_9/bin/../lib/gcc/powerpc-eabivle/4.9.4/e200z2\libgcc.a(eabivle.o)
 .PPC.EMB.apuinfo
                0x000000d8       0x18 c:/nxp/s32ds_power_v2017.r1/cross_tools/powerpc-eabivle-4_9/bin/../lib/gcc/powerpc-eabivle/4.9.4/e200z2/crtend.o
 .PPC.EMB.apuinfo
                0x000000f0       0x18 c:/nxp/s32ds_power_v2017.r1/cross_tools/powerpc-eabivle-4_9/bin/../lib/gcc/powerpc-eabivle/4.9.4/e200z2/ecrtn.o

.debug_line     0x00000000      0x72e
 .debug_line    0x00000000       0x5d ./src/intc_sw_handlers.o
 .debug_line    0x0000005d      0x1aa ./src/intc_SW_mode_isr_vectors_MPC5748G.o
 .debug_line    0x00000207      0x1c0 ./src/enet_rmii_udp_Z2_3.o
 .debug_line    0x000003c7       0xa0 ./src/Vector.o
 .debug_line    0x00000467      0x1fd ./src/MPC57xx__Interrupt_Init.o
 .debug_line    0x00000664       0xca ./Project_Settings/Startup_Code/startup.o

.debug_info     0x00000000      0x7c4
 .debug_info    0x00000000       0xc6 ./src/intc_sw_handlers.o
 .debug_info    0x000000c6       0xb4 ./src/intc_SW_mode_isr_vectors_MPC5748G.o
 .debug_info    0x0000017a       0x94 ./src/enet_rmii_udp_Z2_3.o
 .debug_info    0x0000020e       0x21 ./src/Vector.o
 .debug_info    0x0000022f      0x4be ./src/MPC57xx__Interrupt_Init.o
 .debug_info    0x000006ed       0xd7 ./Project_Settings/Startup_Code/startup.o

.debug_abbrev   0x00000000      0x25d
 .debug_abbrev  0x00000000       0x14 ./src/intc_sw_handlers.o
 .debug_abbrev  0x00000014       0x7c ./src/intc_SW_mode_isr_vectors_MPC5748G.o
 .debug_abbrev  0x00000090       0x56 ./src/enet_rmii_udp_Z2_3.o
 .debug_abbrev  0x000000e6       0x13 ./src/Vector.o
 .debug_abbrev  0x000000f9      0x150 ./src/MPC57xx__Interrupt_Init.o
 .debug_abbrev  0x00000249       0x14 ./Project_Settings/Startup_Code/startup.o

.debug_aranges  0x00000000       0xd0
 .debug_aranges
                0x00000000       0x20 ./src/intc_sw_handlers.o
 .debug_aranges
                0x00000020       0x20 ./src/intc_SW_mode_isr_vectors_MPC5748G.o
 .debug_aranges
                0x00000040       0x20 ./src/enet_rmii_udp_Z2_3.o
 .debug_aranges
                0x00000060       0x18 ./src/Vector.o
 .debug_aranges
                0x00000078       0x38 ./src/MPC57xx__Interrupt_Init.o
 .debug_aranges
                0x000000b0       0x20 ./Project_Settings/Startup_Code/startup.o

.debug_ranges   0x00000000       0x48
 .debug_ranges  0x00000000       0x10 ./src/intc_SW_mode_isr_vectors_MPC5748G.o
 .debug_ranges  0x00000010       0x10 ./src/enet_rmii_udp_Z2_3.o
 .debug_ranges  0x00000020       0x28 ./src/MPC57xx__Interrupt_Init.o

.debug_macro    0x00000000    0x18ed0
 .debug_macro   0x00000000       0x8d ./src/intc_SW_mode_isr_vectors_MPC5748G.o
 .debug_macro   0x0000008d      0x57a ./src/intc_SW_mode_isr_vectors_MPC5748G.o
 .debug_macro   0x00000607       0x40 ./src/intc_SW_mode_isr_vectors_MPC5748G.o
 .debug_macro   0x00000647       0x16 ./src/intc_SW_mode_isr_vectors_MPC5748G.o
 .debug_macro   0x0000065d       0x64 ./src/intc_SW_mode_isr_vectors_MPC5748G.o
 .debug_macro   0x000006c1      0x19d ./src/intc_SW_mode_isr_vectors_MPC5748G.o
 .debug_macro   0x0000085e      0x133 ./src/intc_SW_mode_isr_vectors_MPC5748G.o
 .debug_macro   0x00000991       0x9d ./src/intc_SW_mode_isr_vectors_MPC5748G.o
 .debug_macro   0x00000a2e       0x10 ./src/intc_SW_mode_isr_vectors_MPC5748G.o
 .debug_macro   0x00000a3e      0x1a1 ./src/intc_SW_mode_isr_vectors_MPC5748G.o
 .debug_macro   0x00000bdf       0xa1 ./src/enet_rmii_udp_Z2_3.o
 .debug_macro   0x00000c80    0x1814c ./src/enet_rmii_udp_Z2_3.o
 .debug_macro   0x00018dcc       0x3f ./src/Vector.o
 .debug_macro   0x00018e0b       0xc5 ./src/MPC57xx__Interrupt_Init.o

.debug_str      0x00000000    0x66c30
 .debug_str     0x00000000     0x30d8 ./src/intc_SW_mode_isr_vectors_MPC5748G.o
                               0x315e (size before relaxing)
 .debug_str     0x000030d8    0x6386f ./src/enet_rmii_udp_Z2_3.o
                              0x66980 (size before relaxing)
 .debug_str     0x00066947       0x9b ./src/Vector.o
                               0x1b93 (size before relaxing)
 .debug_str     0x000669e2      0x24e ./src/MPC57xx__Interrupt_Init.o
                              0x66bdf (size before relaxing)

.debug_frame    0x00000000       0xf8
 .debug_frame   0x00000000       0x2c ./src/intc_SW_mode_isr_vectors_MPC5748G.o
 .debug_frame   0x0000002c       0x2c ./src/enet_rmii_udp_Z2_3.o
 .debug_frame   0x00000058       0xa0 ./src/MPC57xx__Interrupt_Init.o
