Archive member included to satisfy reference by file (symbol)

c:/nxp/s32ds_power_v2017.r1/cross_tools/powerpc-eabivle-4_9/bin/../lib/gcc/powerpc-eabivle/4.9.4/e200z4/fp\libgcc.a(eabivle.o)
                              ./src/enet_rmii_udp_Z4_1.o (__eabi)

Allocating common symbols
Common symbol       size              file

ipv4_queue          0x8               ./src/ENET_UDP_Driver.o
rxbd                0x40              ./src/ENET_UDP_Driver.o
txbd                0x40              ./src/ENET_UDP_Driver.o
RxBuffer            0xc00             ./src/ENET_UDP_Driver.o
TxBuffer            0xc00             ./src/ENET_UDP_Driver.o
arp_queue           0x8               ./src/ENET_UDP_Driver.o

Discarded input sections

 .text          0x00000000        0x0 c:/nxp/s32ds_power_v2017.r1/cross_tools/powerpc-eabivle-4_9/bin/../lib/gcc/powerpc-eabivle/4.9.4/e200z4/fp/ecrti.o
 .data          0x00000000        0x0 c:/nxp/s32ds_power_v2017.r1/cross_tools/powerpc-eabivle-4_9/bin/../lib/gcc/powerpc-eabivle/4.9.4/e200z4/fp/ecrti.o
 .bss           0x00000000        0x0 c:/nxp/s32ds_power_v2017.r1/cross_tools/powerpc-eabivle-4_9/bin/../lib/gcc/powerpc-eabivle/4.9.4/e200z4/fp/ecrti.o
 .fixup         0x00000000        0x0 c:/nxp/s32ds_power_v2017.r1/cross_tools/powerpc-eabivle-4_9/bin/../lib/gcc/powerpc-eabivle/4.9.4/e200z4/fp/ecrti.o
 .ctors         0x00000000        0x0 c:/nxp/s32ds_power_v2017.r1/cross_tools/powerpc-eabivle-4_9/bin/../lib/gcc/powerpc-eabivle/4.9.4/e200z4/fp/ecrti.o
 .dtors         0x00000000        0x0 c:/nxp/s32ds_power_v2017.r1/cross_tools/powerpc-eabivle-4_9/bin/../lib/gcc/powerpc-eabivle/4.9.4/e200z4/fp/ecrti.o
 .sbss          0x00000000        0x0 c:/nxp/s32ds_power_v2017.r1/cross_tools/powerpc-eabivle-4_9/bin/../lib/gcc/powerpc-eabivle/4.9.4/e200z4/fp/ecrti.o
 .sbss2         0x00000000        0x0 c:/nxp/s32ds_power_v2017.r1/cross_tools/powerpc-eabivle-4_9/bin/../lib/gcc/powerpc-eabivle/4.9.4/e200z4/fp/ecrti.o
 .gcc_except_table
                0x00000000        0x0 c:/nxp/s32ds_power_v2017.r1/cross_tools/powerpc-eabivle-4_9/bin/../lib/gcc/powerpc-eabivle/4.9.4/e200z4/fp/ecrti.o
 .eh_frame      0x00000000        0x0 c:/nxp/s32ds_power_v2017.r1/cross_tools/powerpc-eabivle-4_9/bin/../lib/gcc/powerpc-eabivle/4.9.4/e200z4/fp/ecrti.o
 .fini          0x00000000        0xa c:/nxp/s32ds_power_v2017.r1/cross_tools/powerpc-eabivle-4_9/bin/../lib/gcc/powerpc-eabivle/4.9.4/e200z4/fp/ecrti.o
 .text          0x00000000      0x16c c:/nxp/s32ds_power_v2017.r1/cross_tools/powerpc-eabivle-4_9/bin/../lib/gcc/powerpc-eabivle/4.9.4/e200z4/fp/crtbegin.o
 .data          0x00000000        0x4 c:/nxp/s32ds_power_v2017.r1/cross_tools/powerpc-eabivle-4_9/bin/../lib/gcc/powerpc-eabivle/4.9.4/e200z4/fp/crtbegin.o
 .bss           0x00000000       0x20 c:/nxp/s32ds_power_v2017.r1/cross_tools/powerpc-eabivle-4_9/bin/../lib/gcc/powerpc-eabivle/4.9.4/e200z4/fp/crtbegin.o
 .ctors         0x00000000        0x4 c:/nxp/s32ds_power_v2017.r1/cross_tools/powerpc-eabivle-4_9/bin/../lib/gcc/powerpc-eabivle/4.9.4/e200z4/fp/crtbegin.o
 .dtors         0x00000000        0x4 c:/nxp/s32ds_power_v2017.r1/cross_tools/powerpc-eabivle-4_9/bin/../lib/gcc/powerpc-eabivle/4.9.4/e200z4/fp/crtbegin.o
 .eh_frame      0x00000000        0x0 c:/nxp/s32ds_power_v2017.r1/cross_tools/powerpc-eabivle-4_9/bin/../lib/gcc/powerpc-eabivle/4.9.4/e200z4/fp/crtbegin.o
 .jcr           0x00000000        0x0 c:/nxp/s32ds_power_v2017.r1/cross_tools/powerpc-eabivle-4_9/bin/../lib/gcc/powerpc-eabivle/4.9.4/e200z4/fp/crtbegin.o
 .tm_clone_table
                0x00000000        0x0 c:/nxp/s32ds_power_v2017.r1/cross_tools/powerpc-eabivle-4_9/bin/../lib/gcc/powerpc-eabivle/4.9.4/e200z4/fp/crtbegin.o
 .fini          0x00000000        0x4 c:/nxp/s32ds_power_v2017.r1/cross_tools/powerpc-eabivle-4_9/bin/../lib/gcc/powerpc-eabivle/4.9.4/e200z4/fp/crtbegin.o
 .init          0x00000000        0x4 c:/nxp/s32ds_power_v2017.r1/cross_tools/powerpc-eabivle-4_9/bin/../lib/gcc/powerpc-eabivle/4.9.4/e200z4/fp/crtbegin.o
 .group         0x00000000        0x8 ./src/mode.o
 .group         0x00000000        0x8 ./src/mode.o
 .group         0x00000000        0x8 ./src/mode.o
 .group         0x00000000        0x8 ./src/mode.o
 .group         0x00000000        0x8 ./src/mode.o
 .group         0x00000000        0x8 ./src/mode.o
 .group         0x00000000        0x8 ./src/mode.o
 .group         0x00000000        0x8 ./src/mode.o
 .group         0x00000000        0x8 ./src/mode.o
 .group         0x00000000        0x8 ./src/mode.o
 .group         0x00000000        0x8 ./src/mode.o
 .text          0x00000000        0x0 ./src/mode.o
 .data          0x00000000        0x0 ./src/mode.o
 .bss           0x00000000        0x0 ./src/mode.o
 .text.enter_STOP_mode
                0x00000000       0x54 ./src/mode.o
 .data          0x00000000        0x0 ./src/intc_sw_handlers.o
 .bss           0x00000000        0x0 ./src/intc_sw_handlers.o
 .group         0x00000000        0x8 ./src/intc_SW_mode_isr_vectors_MPC5748G.o
 .group         0x00000000        0x8 ./src/intc_SW_mode_isr_vectors_MPC5748G.o
 .group         0x00000000        0x8 ./src/intc_SW_mode_isr_vectors_MPC5748G.o
 .group         0x00000000        0x8 ./src/intc_SW_mode_isr_vectors_MPC5748G.o
 .group         0x00000000        0x8 ./src/intc_SW_mode_isr_vectors_MPC5748G.o
 .group         0x00000000        0x8 ./src/intc_SW_mode_isr_vectors_MPC5748G.o
 .group         0x00000000        0x8 ./src/intc_SW_mode_isr_vectors_MPC5748G.o
 .group         0x00000000        0x8 ./src/intc_SW_mode_isr_vectors_MPC5748G.o
 .group         0x00000000        0x8 ./src/intc_SW_mode_isr_vectors_MPC5748G.o
 .text          0x00000000        0x0 ./src/intc_SW_mode_isr_vectors_MPC5748G.o
 .data          0x00000000        0x0 ./src/intc_SW_mode_isr_vectors_MPC5748G.o
 .bss           0x00000000        0x0 ./src/intc_SW_mode_isr_vectors_MPC5748G.o
 .debug_macro   0x00000000      0x628 ./src/intc_SW_mode_isr_vectors_MPC5748G.o
 .debug_macro   0x00000000       0x40 ./src/intc_SW_mode_isr_vectors_MPC5748G.o
 .debug_macro   0x00000000       0x16 ./src/intc_SW_mode_isr_vectors_MPC5748G.o
 .debug_macro   0x00000000       0x64 ./src/intc_SW_mode_isr_vectors_MPC5748G.o
 .debug_macro   0x00000000      0x19d ./src/intc_SW_mode_isr_vectors_MPC5748G.o
 .debug_macro   0x00000000      0x133 ./src/intc_SW_mode_isr_vectors_MPC5748G.o
 .debug_macro   0x00000000       0x9d ./src/intc_SW_mode_isr_vectors_MPC5748G.o
 .debug_macro   0x00000000       0x10 ./src/intc_SW_mode_isr_vectors_MPC5748G.o
 .debug_macro   0x00000000      0x1a1 ./src/intc_SW_mode_isr_vectors_MPC5748G.o
 .group         0x00000000        0x8 ./src/flashrchw.o
 .group         0x00000000        0x8 ./src/flashrchw.o
 .group         0x00000000        0x8 ./src/flashrchw.o
 .group         0x00000000        0x8 ./src/flashrchw.o
 .group         0x00000000        0x8 ./src/flashrchw.o
 .group         0x00000000        0x8 ./src/flashrchw.o
 .group         0x00000000        0x8 ./src/flashrchw.o
 .group         0x00000000        0x8 ./src/flashrchw.o
 .group         0x00000000        0x8 ./src/flashrchw.o
 .text          0x00000000        0x0 ./src/flashrchw.o
 .data          0x00000000        0x0 ./src/flashrchw.o
 .bss           0x00000000        0x0 ./src/flashrchw.o
 .debug_macro   0x00000000      0x628 ./src/flashrchw.o
 .debug_macro   0x00000000       0x40 ./src/flashrchw.o
 .debug_macro   0x00000000       0x16 ./src/flashrchw.o
 .debug_macro   0x00000000       0x64 ./src/flashrchw.o
 .debug_macro   0x00000000      0x19d ./src/flashrchw.o
 .debug_macro   0x00000000      0x133 ./src/flashrchw.o
 .debug_macro   0x00000000       0x9d ./src/flashrchw.o
 .debug_macro   0x00000000       0x10 ./src/flashrchw.o
 .debug_macro   0x00000000      0x1a1 ./src/flashrchw.o
 .group         0x00000000        0x8 ./src/enet_rmii_udp_Z4_1.o
 .group         0x00000000        0x8 ./src/enet_rmii_udp_Z4_1.o
 .group         0x00000000        0x8 ./src/enet_rmii_udp_Z4_1.o
 .group         0x00000000        0x8 ./src/enet_rmii_udp_Z4_1.o
 .group         0x00000000        0x8 ./src/enet_rmii_udp_Z4_1.o
 .group         0x00000000        0x8 ./src/enet_rmii_udp_Z4_1.o
 .group         0x00000000        0x8 ./src/enet_rmii_udp_Z4_1.o
 .group         0x00000000        0x8 ./src/enet_rmii_udp_Z4_1.o
 .group         0x00000000        0x8 ./src/enet_rmii_udp_Z4_1.o
 .group         0x00000000        0x8 ./src/enet_rmii_udp_Z4_1.o
 .group         0x00000000        0x8 ./src/enet_rmii_udp_Z4_1.o
 .group         0x00000000        0x8 ./src/enet_rmii_udp_Z4_1.o
 .group         0x00000000        0x8 ./src/enet_rmii_udp_Z4_1.o
 .data          0x00000000        0x0 ./src/enet_rmii_udp_Z4_1.o
 .bss           0x00000000        0x0 ./src/enet_rmii_udp_Z4_1.o
 .debug_macro   0x00000000      0x628 ./src/enet_rmii_udp_Z4_1.o
 .debug_macro   0x00000000       0x40 ./src/enet_rmii_udp_Z4_1.o
 .debug_macro   0x00000000       0x16 ./src/enet_rmii_udp_Z4_1.o
 .debug_macro   0x00000000       0x64 ./src/enet_rmii_udp_Z4_1.o
 .debug_macro   0x00000000      0x19d ./src/enet_rmii_udp_Z4_1.o
 .debug_macro   0x00000000      0x133 ./src/enet_rmii_udp_Z4_1.o
 .debug_macro   0x00000000       0x9d ./src/enet_rmii_udp_Z4_1.o
 .debug_macro   0x00000000       0x10 ./src/enet_rmii_udp_Z4_1.o
 .debug_macro   0x00000000      0x1a1 ./src/enet_rmii_udp_Z4_1.o
 .debug_macro   0x00000000    0x1814c ./src/enet_rmii_udp_Z4_1.o
 .debug_macro   0x00000000      0xb61 ./src/enet_rmii_udp_Z4_1.o
 .group         0x00000000        0x8 ./src/Vector.o
 .group         0x00000000        0x8 ./src/Vector.o
 .group         0x00000000        0x8 ./src/Vector.o
 .text          0x00000000        0x0 ./src/Vector.o
 .data          0x00000000        0x0 ./src/Vector.o
 .bss           0x00000000        0x0 ./src/Vector.o
 .debug_macro   0x00000000      0x628 ./src/Vector.o
 .debug_macro   0x00000000       0x40 ./src/Vector.o
 .debug_macro   0x00000000       0x16 ./src/Vector.o
 .group         0x00000000        0x8 ./src/MPC57xx__Interrupt_Init.o
 .group         0x00000000        0x8 ./src/MPC57xx__Interrupt_Init.o
 .group         0x00000000        0x8 ./src/MPC57xx__Interrupt_Init.o
 .group         0x00000000        0x8 ./src/MPC57xx__Interrupt_Init.o
 .group         0x00000000        0x8 ./src/MPC57xx__Interrupt_Init.o
 .group         0x00000000        0x8 ./src/MPC57xx__Interrupt_Init.o
 .group         0x00000000        0x8 ./src/MPC57xx__Interrupt_Init.o
 .group         0x00000000        0x8 ./src/MPC57xx__Interrupt_Init.o
 .group         0x00000000        0x8 ./src/MPC57xx__Interrupt_Init.o
 .group         0x00000000        0x8 ./src/MPC57xx__Interrupt_Init.o
 .text          0x00000000        0x0 ./src/MPC57xx__Interrupt_Init.o
 .data          0x00000000        0x0 ./src/MPC57xx__Interrupt_Init.o
 .bss           0x00000000        0x0 ./src/MPC57xx__Interrupt_Init.o
 .debug_macro   0x00000000      0x628 ./src/MPC57xx__Interrupt_Init.o
 .debug_macro   0x00000000       0x40 ./src/MPC57xx__Interrupt_Init.o
 .debug_macro   0x00000000       0x16 ./src/MPC57xx__Interrupt_Init.o
 .debug_macro   0x00000000       0x64 ./src/MPC57xx__Interrupt_Init.o
 .debug_macro   0x00000000      0x19d ./src/MPC57xx__Interrupt_Init.o
 .debug_macro   0x00000000      0x133 ./src/MPC57xx__Interrupt_Init.o
 .debug_macro   0x00000000       0x9d ./src/MPC57xx__Interrupt_Init.o
 .debug_macro   0x00000000       0x10 ./src/MPC57xx__Interrupt_Init.o
 .debug_macro   0x00000000      0x1a1 ./src/MPC57xx__Interrupt_Init.o
 .debug_macro   0x00000000    0x1814c ./src/MPC57xx__Interrupt_Init.o
 .group         0x00000000        0x8 ./src/ENET_UDP_Driver.o
 .group         0x00000000        0x8 ./src/ENET_UDP_Driver.o
 .group         0x00000000        0x8 ./src/ENET_UDP_Driver.o
 .group         0x00000000        0x8 ./src/ENET_UDP_Driver.o
 .group         0x00000000        0x8 ./src/ENET_UDP_Driver.o
 .group         0x00000000        0x8 ./src/ENET_UDP_Driver.o
 .group         0x00000000        0x8 ./src/ENET_UDP_Driver.o
 .group         0x00000000        0x8 ./src/ENET_UDP_Driver.o
 .group         0x00000000        0x8 ./src/ENET_UDP_Driver.o
 .group         0x00000000        0x8 ./src/ENET_UDP_Driver.o
 .group         0x00000000        0x8 ./src/ENET_UDP_Driver.o
 .group         0x00000000        0x8 ./src/ENET_UDP_Driver.o
 .group         0x00000000        0x8 ./src/ENET_UDP_Driver.o
 .text          0x00000000        0x0 ./src/ENET_UDP_Driver.o
 .data          0x00000000        0x0 ./src/ENET_UDP_Driver.o
 .bss           0x00000000        0x0 ./src/ENET_UDP_Driver.o
 .data.ICMP_packet
                0x00000000       0x2e ./src/ENET_UDP_Driver.o
 .debug_macro   0x00000000      0x628 ./src/ENET_UDP_Driver.o
 .debug_macro   0x00000000       0x40 ./src/ENET_UDP_Driver.o
 .debug_macro   0x00000000       0x16 ./src/ENET_UDP_Driver.o
 .debug_macro   0x00000000       0x64 ./src/ENET_UDP_Driver.o
 .debug_macro   0x00000000      0x19d ./src/ENET_UDP_Driver.o
 .debug_macro   0x00000000      0x133 ./src/ENET_UDP_Driver.o
 .debug_macro   0x00000000       0x9d ./src/ENET_UDP_Driver.o
 .debug_macro   0x00000000       0x10 ./src/ENET_UDP_Driver.o
 .debug_macro   0x00000000      0x1a1 ./src/ENET_UDP_Driver.o
 .debug_macro   0x00000000    0x1814c ./src/ENET_UDP_Driver.o
 .debug_macro   0x00000000      0xb61 ./src/ENET_UDP_Driver.o
 .debug_macro   0x00000000       0x8e ./src/ENET_UDP_Driver.o
 .debug_macro   0x00000000      0x253 ./src/ENET_UDP_Driver.o
 .sbss          0x00000000       0x10 ./src/ENET_UDP_Driver.o
 .text          0x00000000        0x0 ./Project_Settings/Startup_Code/startup.o
 .data          0x00000000        0x0 ./Project_Settings/Startup_Code/startup.o
 .bss           0x00000000        0x0 ./Project_Settings/Startup_Code/startup.o
 .bss           0x00000000        0x0 c:/nxp/s32ds_power_v2017.r1/cross_tools/powerpc-eabivle-4_9/bin/../lib/gcc/powerpc-eabivle/4.9.4/e200z4/fp\libgcc.a(eabivle.o)
 .text          0x00000000       0x48 c:/nxp/s32ds_power_v2017.r1/cross_tools/powerpc-eabivle-4_9/bin/../lib/gcc/powerpc-eabivle/4.9.4/e200z4/fp/crtend.o
 .data          0x00000000        0x0 c:/nxp/s32ds_power_v2017.r1/cross_tools/powerpc-eabivle-4_9/bin/../lib/gcc/powerpc-eabivle/4.9.4/e200z4/fp/crtend.o
 .bss           0x00000000        0x0 c:/nxp/s32ds_power_v2017.r1/cross_tools/powerpc-eabivle-4_9/bin/../lib/gcc/powerpc-eabivle/4.9.4/e200z4/fp/crtend.o
 .ctors         0x00000000        0x4 c:/nxp/s32ds_power_v2017.r1/cross_tools/powerpc-eabivle-4_9/bin/../lib/gcc/powerpc-eabivle/4.9.4/e200z4/fp/crtend.o
 .dtors         0x00000000        0x4 c:/nxp/s32ds_power_v2017.r1/cross_tools/powerpc-eabivle-4_9/bin/../lib/gcc/powerpc-eabivle/4.9.4/e200z4/fp/crtend.o
 .eh_frame      0x00000000        0x4 c:/nxp/s32ds_power_v2017.r1/cross_tools/powerpc-eabivle-4_9/bin/../lib/gcc/powerpc-eabivle/4.9.4/e200z4/fp/crtend.o
 .jcr           0x00000000        0x4 c:/nxp/s32ds_power_v2017.r1/cross_tools/powerpc-eabivle-4_9/bin/../lib/gcc/powerpc-eabivle/4.9.4/e200z4/fp/crtend.o
 .tm_clone_table
                0x00000000        0x0 c:/nxp/s32ds_power_v2017.r1/cross_tools/powerpc-eabivle-4_9/bin/../lib/gcc/powerpc-eabivle/4.9.4/e200z4/fp/crtend.o
 .init          0x00000000        0x4 c:/nxp/s32ds_power_v2017.r1/cross_tools/powerpc-eabivle-4_9/bin/../lib/gcc/powerpc-eabivle/4.9.4/e200z4/fp/crtend.o
 .text          0x00000000        0x0 c:/nxp/s32ds_power_v2017.r1/cross_tools/powerpc-eabivle-4_9/bin/../lib/gcc/powerpc-eabivle/4.9.4/e200z4/fp/ecrtn.o
 .data          0x00000000        0x0 c:/nxp/s32ds_power_v2017.r1/cross_tools/powerpc-eabivle-4_9/bin/../lib/gcc/powerpc-eabivle/4.9.4/e200z4/fp/ecrtn.o
 .bss           0x00000000        0x0 c:/nxp/s32ds_power_v2017.r1/cross_tools/powerpc-eabivle-4_9/bin/../lib/gcc/powerpc-eabivle/4.9.4/e200z4/fp/ecrtn.o
 .fixup         0x00000000        0x0 c:/nxp/s32ds_power_v2017.r1/cross_tools/powerpc-eabivle-4_9/bin/../lib/gcc/powerpc-eabivle/4.9.4/e200z4/fp/ecrtn.o
 .ctors         0x00000000        0x0 c:/nxp/s32ds_power_v2017.r1/cross_tools/powerpc-eabivle-4_9/bin/../lib/gcc/powerpc-eabivle/4.9.4/e200z4/fp/ecrtn.o
 .dtors         0x00000000        0x0 c:/nxp/s32ds_power_v2017.r1/cross_tools/powerpc-eabivle-4_9/bin/../lib/gcc/powerpc-eabivle/4.9.4/e200z4/fp/ecrtn.o
 .sdata         0x00000000        0x0 c:/nxp/s32ds_power_v2017.r1/cross_tools/powerpc-eabivle-4_9/bin/../lib/gcc/powerpc-eabivle/4.9.4/e200z4/fp/ecrtn.o
 .sdata2        0x00000000        0x0 c:/nxp/s32ds_power_v2017.r1/cross_tools/powerpc-eabivle-4_9/bin/../lib/gcc/powerpc-eabivle/4.9.4/e200z4/fp/ecrtn.o
 .gcc_except_table
                0x00000000        0x0 c:/nxp/s32ds_power_v2017.r1/cross_tools/powerpc-eabivle-4_9/bin/../lib/gcc/powerpc-eabivle/4.9.4/e200z4/fp/ecrtn.o
 .eh_frame      0x00000000        0x4 c:/nxp/s32ds_power_v2017.r1/cross_tools/powerpc-eabivle-4_9/bin/../lib/gcc/powerpc-eabivle/4.9.4/e200z4/fp/ecrtn.o
 .init          0x00000000        0xa c:/nxp/s32ds_power_v2017.r1/cross_tools/powerpc-eabivle-4_9/bin/../lib/gcc/powerpc-eabivle/4.9.4/e200z4/fp/ecrtn.o
 .fini          0x00000000        0xa c:/nxp/s32ds_power_v2017.r1/cross_tools/powerpc-eabivle-4_9/bin/../lib/gcc/powerpc-eabivle/4.9.4/e200z4/fp/ecrtn.o

Memory Configuration

Name             Origin             Length             Attributes
flash_rchw       0x00fa0000         0x00000004
cpu0_reset_vec   0x00fa0010         0x00000004
cpu1_reset_vec   0x00fa0014         0x00000004
cpu2_reset_vec   0x00fa0004         0x00000004
m_text           0x01000000         0x001d0000
m_data           0x40000000         0x00040000
*default*        0x00000000         0xffffffff

Linker script and memory map

LOAD c:/nxp/s32ds_power_v2017.r1/cross_tools/powerpc-eabivle-4_9/bin/../lib/gcc/powerpc-eabivle/4.9.4/e200z4/fp/ecrti.o
LOAD c:/nxp/s32ds_power_v2017.r1/cross_tools/powerpc-eabivle-4_9/bin/../lib/gcc/powerpc-eabivle/4.9.4/e200z4/fp/crtbegin.o
LOAD ./src/mode.o
LOAD ./src/intc_sw_handlers.o
LOAD ./src/intc_SW_mode_isr_vectors_MPC5748G.o
LOAD ./src/flashrchw.o
LOAD ./src/enet_rmii_udp_Z4_1.o
LOAD ./src/Vector.o
LOAD ./src/MPC57xx__Interrupt_Init.o
LOAD ./src/ENET_UDP_Driver.o
LOAD ./Project_Settings/Startup_Code/startup.o
START GROUP
LOAD C:/NXP/S32DS_Power_v2017.R1/S32DS/e200_ewl2/lib/e200z4/fp\libc.a
LOAD C:/NXP/S32DS_Power_v2017.R1/S32DS/e200_ewl2/lib/e200z4/fp\libm.a
LOAD c:/nxp/s32ds_power_v2017.r1/cross_tools/powerpc-eabivle-4_9/bin/../lib/gcc/powerpc-eabivle/4.9.4/e200z4/fp\libgcc.a
END GROUP
LOAD c:/nxp/s32ds_power_v2017.r1/cross_tools/powerpc-eabivle-4_9/bin/../lib/gcc/powerpc-eabivle/4.9.4/e200z4/fp/crtend.o
LOAD c:/nxp/s32ds_power_v2017.r1/cross_tools/powerpc-eabivle-4_9/bin/../lib/gcc/powerpc-eabivle/4.9.4/e200z4/fp/ecrtn.o
                0x00000000                __HEAP_SIZE = 0x0
                0x00001000                __STACK_SIZE = 0x1000
                0x00040000                SRAM_SIZE = 0x40000
                0x40000000                SRAM_BASE_ADDR = 0x40000000

.rchw           0x00fa0000        0x4
 *(.rchw)
 .rchw          0x00fa0000        0x4 ./src/flashrchw.o
                0x00fa0000                RCHW1

.cpu0_reset_vector
                0x00fa0010        0x4
 *(.cpu0_reset_vector)
 .cpu0_reset_vector
                0x00fa0010        0x4 ./src/flashrchw.o
                0x00fa0010                RCHW2_0

.cpu1_reset_vector
                0x00fa0014        0x4
 *(.cpu1_reset_vector)
 .cpu1_reset_vector
                0x00fa0014        0x4 ./src/flashrchw.o
                0x00fa0014                RCHW2_1

.cpu2_reset_vector
                0x00fa0004        0x4
 *(.cpu2_reset_vector)
 .cpu2_reset_vector
                0x00fa0004        0x4 ./src/flashrchw.o
                0x00fa0004                RCHW2_2

.startup        0x01000000      0x26e
                0x01000000                __start = .
 *(.startup)
 .startup       0x01000000      0x26e ./Project_Settings/Startup_Code/startup.o
                0x01000000                _start

.core_exceptions_table
                0x01001000       0xf4
                0x01001000                __IVPR_VALUE = .
 *(.core_exceptions_table)
 .core_exceptions_table
                0x01001000       0xf4 ./src/Vector.o
                0x01001000                VTABLE
                0x01001000                IVOR0_Vector
                0x01001010                IVOR1_Vector
                0x01001020                IVOR2_Vector
                0x01001030                IVOR3_Vector
                0x01001040                IVOR4_Vector
                0x01001050                IVOR5_Vector
                0x01001060                IVOR6_Vector
                0x01001070                IVOR7_Vector
                0x01001080                IVOR8_Vector
                0x01001090                IVOR9_Vector
                0x010010a0                IVOR10_Vector
                0x010010b0                IVOR11_Vector
                0x010010c0                IVOR12_Vector
                0x010010d0                IVOR13_Vector
                0x010010e0                IVOR14_Vector
                0x010010f0                IVOR15_Vector

.intc_vector_table
                0x01002000      0xbc8
 *(.intc_vector_table)
 .intc_vector_table
                0x01002000      0xbc8 ./src/intc_SW_mode_isr_vectors_MPC5748G.o
                0x01002000                IntcIsrVectorTable

.text           0x01002bd0     0x13b0
 *(.text.startup)
 *(.text)
 .text          0x01002bd0       0x48 ./src/intc_sw_handlers.o
                0x01002bd0                IVOR4_Handler
 .text          0x01002c18       0x62 ./src/enet_rmii_udp_Z4_1.o
                0x01002c18                main
 .text          0x01002c7a       0x4a c:/nxp/s32ds_power_v2017.r1/cross_tools/powerpc-eabivle-4_9/bin/../lib/gcc/powerpc-eabivle/4.9.4/e200z4/fp\libgcc.a(eabivle.o)
                0x01002c7a                __eabi
 *(.init)
 .init          0x01002cc4        0xa c:/nxp/s32ds_power_v2017.r1/cross_tools/powerpc-eabivle-4_9/bin/../lib/gcc/powerpc-eabivle/4.9.4/e200z4/fp/ecrti.o
                0x01002cc4                __init
 *(.text.*)
 *fill*         0x01002cce        0x2 
 .text.PLL_160MHz
                0x01002cd0       0xb6 ./src/mode.o
                0x01002cd0                PLL_160MHz
 *fill*         0x01002d86        0x2 
 .text.system160mhz
                0x01002d88       0x9e ./src/mode.o
                0x01002d88                system160mhz
 *fill*         0x01002e26        0x2 
 .text.dummy    0x01002e28        0xc ./src/intc_SW_mode_isr_vectors_MPC5748G.o
                0x01002e28                dummy
 .text.hw_init  0x01002e34       0x68 ./src/enet_rmii_udp_Z4_1.o
                0x01002e34                hw_init
 .text.peri_clock_gating
                0x01002e9c       0x3c ./src/enet_rmii_udp_Z4_1.o
                0x01002e9c                peri_clock_gating
 .text.SetIVPR  0x01002ed8       0x1a ./src/MPC57xx__Interrupt_Init.o
                0x01002ed8                SetIVPR
 *fill*         0x01002ef2        0x2 
 .text.InitINTC
                0x01002ef4       0x68 ./src/MPC57xx__Interrupt_Init.o
                0x01002ef4                InitINTC
 .text.enableIrq
                0x01002f5c       0x36 ./src/MPC57xx__Interrupt_Init.o
                0x01002f5c                enableIrq
 *fill*         0x01002f92        0x2 
 .text.xcptn_xmpl
                0x01002f94       0x34 ./src/MPC57xx__Interrupt_Init.o
                0x01002f94                xcptn_xmpl
 .text.ENET_GPIO_Init
                0x01002fc8      0x2c0 ./src/ENET_UDP_Driver.o
                0x01002fc8                ENET_GPIO_Init
 .text.ENET_BUFFER_Init
                0x01003288      0x2b0 ./src/ENET_UDP_Driver.o
                0x01003288                ENET_BUFFER_Init
 .text.ENET_Rx_Handler
                0x01003538      0x1de ./src/ENET_UDP_Driver.o
                0x01003538                ENET_Rx_Handler
 *fill*         0x01003716        0x2 
 .text.ENET_IPv4_Handler
                0x01003718       0x6a ./src/ENET_UDP_Driver.o
                0x01003718                ENET_IPv4_Handler
 *fill*         0x01003782        0x2 
 .text.ENET_ICMP_Handler
                0x01003784       0x1a ./src/ENET_UDP_Driver.o
                0x01003784                ENET_ICMP_Handler
 *fill*         0x0100379e        0x2 
 .text.ENET_ARP_Handler
                0x010037a0       0xb4 ./src/ENET_UDP_Driver.o
                0x010037a0                ENET_ARP_Handler
 .text.getActiveRxBD
                0x01003854       0x76 ./src/ENET_UDP_Driver.o
                0x01003854                getActiveRxBD
 *fill*         0x010038ca        0x2 
 .text.markRxBDEmpty
                0x010038cc       0x54 ./src/ENET_UDP_Driver.o
                0x010038cc                markRxBDEmpty
 .text.ENET_UDP_Driver_Init
                0x01003920      0x162 ./src/ENET_UDP_Driver.o
                0x01003920                ENET_UDP_Driver_Init
 *fill*         0x01003a82        0x2 
 .text.ENET_Driver_Rx_Init
                0x01003a84       0x62 ./src/ENET_UDP_Driver.o
                0x01003a84                ENET_Driver_Rx_Init
 *fill*         0x01003ae6        0x2 
 .text.ENET_UDP_Tx
                0x01003ae8       0x3e ./src/ENET_UDP_Driver.o
                0x01003ae8                ENET_UDP_Tx
 *fill*         0x01003b26        0x2 
 .text.ENET_frame_Tx
                0x01003b28      0x450 ./src/ENET_UDP_Driver.o
                0x01003b28                ENET_frame_Tx
                0x01003f80                . = ALIGN (0x10)
 *fill*         0x01003f78        0x8 

.glink          0x01003f80        0x0
 .glink         0x01003f80        0x0 c:/nxp/s32ds_power_v2017.r1/cross_tools/powerpc-eabivle-4_9/bin/../lib/gcc/powerpc-eabivle/4.9.4/e200z4/fp/crtbegin.o

.rodata
 *(.rodata)
 *(.rodata.*)

.eh_frame       0x01003f80        0x0
 .eh_frame      0x01003f80        0x0 c:/nxp/s32ds_power_v2017.r1/cross_tools/powerpc-eabivle-4_9/bin/../lib/gcc/powerpc-eabivle/4.9.4/e200z4/fp/crtbegin.o

.data           0x40000000       0x62 load address 0x01003f80
 *(.data)
 .data          0x40000000        0x4 c:/nxp/s32ds_power_v2017.r1/cross_tools/powerpc-eabivle-4_9/bin/../lib/gcc/powerpc-eabivle/4.9.4/e200z4/fp\libgcc.a(eabivle.o)
 *(.data.*)
 .data.ARP_packet
                0x40000004       0x2e ./src/ENET_UDP_Driver.o
                0x40000004                ARP_packet
 *fill*         0x40000032        0x2 
 .data.UDP_packet
                0x40000034       0x2e ./src/ENET_UDP_Driver.o
                0x40000034                UDP_packet

.got2           0x40000064       0x1c load address 0x01003fe2
 .got2          0x40000064       0x1c c:/nxp/s32ds_power_v2017.r1/cross_tools/powerpc-eabivle-4_9/bin/../lib/gcc/powerpc-eabivle/4.9.4/e200z4/fp\libgcc.a(eabivle.o)

.sdata2         0x40000080        0x0 load address 0x01003ffe
 *(.sdata2)
 .sdata2        0x40000080        0x0 c:/nxp/s32ds_power_v2017.r1/cross_tools/powerpc-eabivle-4_9/bin/../lib/gcc/powerpc-eabivle/4.9.4/e200z4/fp/ecrti.o
 .sdata2        0x40000080        0x0 c:/nxp/s32ds_power_v2017.r1/cross_tools/powerpc-eabivle-4_9/bin/../lib/gcc/powerpc-eabivle/4.9.4/e200z4/fp/crtbegin.o
 *(.sdata2.*)

.sbss2          0x40000080        0x0 load address 0x01003ffe
 *(.sbss2)
 .sbss2         0x40000080        0x0 c:/nxp/s32ds_power_v2017.r1/cross_tools/powerpc-eabivle-4_9/bin/../lib/gcc/powerpc-eabivle/4.9.4/e200z4/fp/ecrtn.o
 *(.sbss2.*)

.rela.dyn       0x40000080        0x0 load address 0x01003ffe
 .rela.iplt     0x40000080        0x0 c:/nxp/s32ds_power_v2017.r1/cross_tools/powerpc-eabivle-4_9/bin/../lib/gcc/powerpc-eabivle/4.9.4/e200z4/fp/crtbegin.o
 .rela.text     0x40000080        0x0 c:/nxp/s32ds_power_v2017.r1/cross_tools/powerpc-eabivle-4_9/bin/../lib/gcc/powerpc-eabivle/4.9.4/e200z4/fp/crtbegin.o
 .rela.intc_vector_table
                0x40000080        0x0 c:/nxp/s32ds_power_v2017.r1/cross_tools/powerpc-eabivle-4_9/bin/../lib/gcc/powerpc-eabivle/4.9.4/e200z4/fp/crtbegin.o
 .rela.text.ENET_BUFFER_Init
                0x40000080        0x0 c:/nxp/s32ds_power_v2017.r1/cross_tools/powerpc-eabivle-4_9/bin/../lib/gcc/powerpc-eabivle/4.9.4/e200z4/fp/crtbegin.o
 .rela.text.getActiveRxBD
                0x40000080        0x0 c:/nxp/s32ds_power_v2017.r1/cross_tools/powerpc-eabivle-4_9/bin/../lib/gcc/powerpc-eabivle/4.9.4/e200z4/fp/crtbegin.o
 .rela.text.markRxBDEmpty
                0x40000080        0x0 c:/nxp/s32ds_power_v2017.r1/cross_tools/powerpc-eabivle-4_9/bin/../lib/gcc/powerpc-eabivle/4.9.4/e200z4/fp/crtbegin.o
 .rela.text.ENET_UDP_Driver_Init
                0x40000080        0x0 c:/nxp/s32ds_power_v2017.r1/cross_tools/powerpc-eabivle-4_9/bin/../lib/gcc/powerpc-eabivle/4.9.4/e200z4/fp/crtbegin.o
 .rela.text.ENET_frame_Tx
                0x40000080        0x0 c:/nxp/s32ds_power_v2017.r1/cross_tools/powerpc-eabivle-4_9/bin/../lib/gcc/powerpc-eabivle/4.9.4/e200z4/fp/crtbegin.o
 .rela.got2     0x40000080        0x0 c:/nxp/s32ds_power_v2017.r1/cross_tools/powerpc-eabivle-4_9/bin/../lib/gcc/powerpc-eabivle/4.9.4/e200z4/fp/crtbegin.o

.sdata          0x40000080        0x4 load address 0x01003ffe
 *(.sdata)
 .sdata         0x40000080        0x0 c:/nxp/s32ds_power_v2017.r1/cross_tools/powerpc-eabivle-4_9/bin/../lib/gcc/powerpc-eabivle/4.9.4/e200z4/fp/ecrti.o
                0x40000080                __SDATA_START__
 .sdata         0x40000080        0x0 c:/nxp/s32ds_power_v2017.r1/cross_tools/powerpc-eabivle-4_9/bin/../lib/gcc/powerpc-eabivle/4.9.4/e200z4/fp/crtbegin.o
                0x40008080                _SDA_BASE_
 *(.sdata.*)
 .sdata.local_IP
                0x40000080        0x4 ./src/ENET_UDP_Driver.o
                0x40000080                local_IP

.bss            0x400000c0     0x18c0 load address 0x01004002
                0x400000c0                __BSS_START = .
 *(.sbss)
 .sbss          0x400000c0        0x0 c:/nxp/s32ds_power_v2017.r1/cross_tools/powerpc-eabivle-4_9/bin/../lib/gcc/powerpc-eabivle/4.9.4/e200z4/fp/crtbegin.o
 .sbss          0x400000c0        0x0 c:/nxp/s32ds_power_v2017.r1/cross_tools/powerpc-eabivle-4_9/bin/../lib/gcc/powerpc-eabivle/4.9.4/e200z4/fp/ecrtn.o
                0x400000c0                __SBSS_END__
 *(.sbss.*)
 .sbss.nextTxBD
                0x400000c0        0x1 ./src/ENET_UDP_Driver.o
                0x400000c0                nextTxBD
 .sbss.nextRxBD
                0x400000c1        0x1 ./src/ENET_UDP_Driver.o
                0x400000c1                nextRxBD
 .sbss.counter  0x400000c2        0x8 ./src/ENET_UDP_Driver.o
                0x400000c2                counter
 *(.bss)
 *(.bss.*)
 *fill*         0x400000ca        0x2 
 .bss.flag.15776
                0x400000cc        0x4 ./src/ENET_UDP_Driver.o
 *(COMMON)
 *fill*         0x400000d0       0x30 
 COMMON         0x40000100     0x1880 ./src/ENET_UDP_Driver.o
                0x40000100                rxbd
                0x40000140                txbd
                0x40000180                RxBuffer
                0x40000d80                TxBuffer
                0x40001980                __BSS_END = .

.iplt           0x40001980        0x0 load address 0x01004002
 .iplt          0x40001980        0x0 c:/nxp/s32ds_power_v2017.r1/cross_tools/powerpc-eabivle-4_9/bin/../lib/gcc/powerpc-eabivle/4.9.4/e200z4/fp/crtbegin.o

.stack          0x40001980     0x1004 load address 0x01004010
                0x40001980                __HEAP = .
                0x40001980                . = (. + __HEAP_SIZE)
                0x40001980                __HEAP_END = .
                0x40001980                _stack_end = .
                0x40002980                . = (. + __STACK_SIZE)
 *fill*         0x40001980     0x1000 
                0x40002980                _stack_addr = .
                0x40002980                __SP_INIT = .
                0x40002984                . = (. + 0x4)
 *fill*         0x40002980        0x4 
                0x40000000                __DATA_SRAM_ADDR = ADDR (.data)
                0x40000080                __SDATA_SRAM_ADDR = ADDR (.sdata)
                0x00000062                __DATA_SIZE = SIZEOF (.data)
                0x00000004                __SDATA_SIZE = SIZEOF (.sdata)
                0x01003f80                __DATA_ROM_ADDR = LOADADDR (.data)
                0x01003ffe                __SDATA_ROM_ADDR = LOADADDR (.sdata)
                0x00040000                __SRAM_SIZE = SRAM_SIZE
                0x40000000                __SRAM_BASE_ADDR = SRAM_BASE_ADDR
                0x000018c0                __BSS_SIZE = (__BSS_END - __BSS_START)
OUTPUT(enet_rmii_udp_Z4_1.elf elf32-powerpc)

.comment        0x00000000       0xa8
 .comment       0x00000000        0xd c:/nxp/s32ds_power_v2017.r1/cross_tools/powerpc-eabivle-4_9/bin/../lib/gcc/powerpc-eabivle/4.9.4/e200z4/fp/ecrti.o
                                  0xe (size before relaxing)
 .comment       0x0000000d       0x8e c:/nxp/s32ds_power_v2017.r1/cross_tools/powerpc-eabivle-4_9/bin/../lib/gcc/powerpc-eabivle/4.9.4/e200z4/fp/crtbegin.o
                                 0x8f (size before relaxing)
 .comment       0x0000009b       0x8f ./src/mode.o
 .comment       0x0000009b       0x8f ./src/intc_SW_mode_isr_vectors_MPC5748G.o
 .comment       0x0000009b       0x8f ./src/flashrchw.o
 .comment       0x0000009b       0x8f ./src/enet_rmii_udp_Z4_1.o
 .comment       0x0000009b       0x8f ./src/Vector.o
 .comment       0x0000009b       0x8f ./src/MPC57xx__Interrupt_Init.o
 .comment       0x0000009b       0x8f ./src/ENET_UDP_Driver.o
 .comment       0x0000009b       0x8f c:/nxp/s32ds_power_v2017.r1/cross_tools/powerpc-eabivle-4_9/bin/../lib/gcc/powerpc-eabivle/4.9.4/e200z4/fp/crtend.o
 .comment       0x0000009b        0xd c:/nxp/s32ds_power_v2017.r1/cross_tools/powerpc-eabivle-4_9/bin/../lib/gcc/powerpc-eabivle/4.9.4/e200z4/fp/ecrtn.o
                                  0xe (size before relaxing)

.PPC.EMB.apuinfo
                0x00000000       0x18
 .PPC.EMB.apuinfo
                0x00000000       0x18 c:/nxp/s32ds_power_v2017.r1/cross_tools/powerpc-eabivle-4_9/bin/../lib/gcc/powerpc-eabivle/4.9.4/e200z4/fp/ecrti.o
 .PPC.EMB.apuinfo
                0x00000018       0x18 c:/nxp/s32ds_power_v2017.r1/cross_tools/powerpc-eabivle-4_9/bin/../lib/gcc/powerpc-eabivle/4.9.4/e200z4/fp/crtbegin.o
 .PPC.EMB.apuinfo
                0x00000030       0x18 ./src/mode.o
 .PPC.EMB.apuinfo
                0x00000048       0x18 ./src/intc_sw_handlers.o
 .PPC.EMB.apuinfo
                0x00000060       0x18 ./src/intc_SW_mode_isr_vectors_MPC5748G.o
 .PPC.EMB.apuinfo
                0x00000078       0x18 ./src/enet_rmii_udp_Z4_1.o
 .PPC.EMB.apuinfo
                0x00000090       0x18 ./src/Vector.o
 .PPC.EMB.apuinfo
                0x000000a8       0x18 ./src/MPC57xx__Interrupt_Init.o
 .PPC.EMB.apuinfo
                0x000000c0       0x18 ./src/ENET_UDP_Driver.o
 .PPC.EMB.apuinfo
                0x000000d8       0x18 ./Project_Settings/Startup_Code/startup.o
 .PPC.EMB.apuinfo
                0x000000f0       0x18 c:/nxp/s32ds_power_v2017.r1/cross_tools/powerpc-eabivle-4_9/bin/../lib/gcc/powerpc-eabivle/4.9.4/e200z4/fp\libgcc.a(eabivle.o)
 .PPC.EMB.apuinfo
                0x00000108       0x18 c:/nxp/s32ds_power_v2017.r1/cross_tools/powerpc-eabivle-4_9/bin/../lib/gcc/powerpc-eabivle/4.9.4/e200z4/fp/crtend.o
 .PPC.EMB.apuinfo
                0x00000120       0x18 c:/nxp/s32ds_power_v2017.r1/cross_tools/powerpc-eabivle-4_9/bin/../lib/gcc/powerpc-eabivle/4.9.4/e200z4/fp/ecrtn.o

.debug_info     0x00000000     0x856f
 .debug_info    0x00000000     0x21f7 ./src/mode.o
 .debug_info    0x000021f7       0xc6 ./src/intc_sw_handlers.o
 .debug_info    0x000022bd       0xb4 ./src/intc_SW_mode_isr_vectors_MPC5748G.o
 .debug_info    0x00002371       0xb5 ./src/flashrchw.o
 .debug_info    0x00002426     0x125d ./src/enet_rmii_udp_Z4_1.o
 .debug_info    0x00003683       0x21 ./src/Vector.o
 .debug_info    0x000036a4      0x4be ./src/MPC57xx__Interrupt_Init.o
 .debug_info    0x00003b62     0x4936 ./src/ENET_UDP_Driver.o
 .debug_info    0x00008498       0xd7 ./Project_Settings/Startup_Code/startup.o

.debug_abbrev   0x00000000      0x712
 .debug_abbrev  0x00000000      0x137 ./src/mode.o
 .debug_abbrev  0x00000137       0x14 ./src/intc_sw_handlers.o
 .debug_abbrev  0x0000014b       0x7c ./src/intc_SW_mode_isr_vectors_MPC5748G.o
 .debug_abbrev  0x000001c7       0x4e ./src/flashrchw.o
 .debug_abbrev  0x00000215      0x168 ./src/enet_rmii_udp_Z4_1.o
 .debug_abbrev  0x0000037d       0x13 ./src/Vector.o
 .debug_abbrev  0x00000390      0x150 ./src/MPC57xx__Interrupt_Init.o
 .debug_abbrev  0x000004e0      0x21e ./src/ENET_UDP_Driver.o
 .debug_abbrev  0x000006fe       0x14 ./Project_Settings/Startup_Code/startup.o

.debug_aranges  0x00000000      0x1a0
 .debug_aranges
                0x00000000       0x30 ./src/mode.o
 .debug_aranges
                0x00000030       0x20 ./src/intc_sw_handlers.o
 .debug_aranges
                0x00000050       0x20 ./src/intc_SW_mode_isr_vectors_MPC5748G.o
 .debug_aranges
                0x00000070       0x18 ./src/flashrchw.o
 .debug_aranges
                0x00000088       0x30 ./src/enet_rmii_udp_Z4_1.o
 .debug_aranges
                0x000000b8       0x18 ./src/Vector.o
 .debug_aranges
                0x000000d0       0x38 ./src/MPC57xx__Interrupt_Init.o
 .debug_aranges
                0x00000108       0x78 ./src/ENET_UDP_Driver.o
 .debug_aranges
                0x00000180       0x20 ./Project_Settings/Startup_Code/startup.o

.debug_ranges   0x00000000       0xe0
 .debug_ranges  0x00000000       0x20 ./src/mode.o
 .debug_ranges  0x00000020       0x10 ./src/intc_SW_mode_isr_vectors_MPC5748G.o
 .debug_ranges  0x00000030       0x20 ./src/enet_rmii_udp_Z4_1.o
 .debug_ranges  0x00000050       0x28 ./src/MPC57xx__Interrupt_Init.o
 .debug_ranges  0x00000078       0x68 ./src/ENET_UDP_Driver.o

.debug_macro    0x00000000    0x1a06c
 .debug_macro   0x00000000       0xa6 ./src/mode.o
 .debug_macro   0x000000a6      0x628 ./src/mode.o
 .debug_macro   0x000006ce       0x40 ./src/mode.o
 .debug_macro   0x0000070e       0x16 ./src/mode.o
 .debug_macro   0x00000724       0x64 ./src/mode.o
 .debug_macro   0x00000788      0x19d ./src/mode.o
 .debug_macro   0x00000925      0x133 ./src/mode.o
 .debug_macro   0x00000a58       0x9d ./src/mode.o
 .debug_macro   0x00000af5       0x10 ./src/mode.o
 .debug_macro   0x00000b05      0x1a1 ./src/mode.o
 .debug_macro   0x00000ca6    0x1814c ./src/mode.o
 .debug_macro   0x00018df2      0xb61 ./src/mode.o
 .debug_macro   0x00019953       0x8d ./src/intc_SW_mode_isr_vectors_MPC5748G.o
 .debug_macro   0x000199e0       0xbd ./src/flashrchw.o
 .debug_macro   0x00019a9d       0xe8 ./src/enet_rmii_udp_Z4_1.o
 .debug_macro   0x00019b85       0x8e ./src/enet_rmii_udp_Z4_1.o
 .debug_macro   0x00019c13      0x253 ./src/enet_rmii_udp_Z4_1.o
 .debug_macro   0x00019e66       0x3f ./src/Vector.o
 .debug_macro   0x00019ea5       0xc5 ./src/MPC57xx__Interrupt_Init.o
 .debug_macro   0x00019f6a      0x102 ./src/ENET_UDP_Driver.o

.debug_line     0x00000000      0xf30
 .debug_line    0x00000000      0x1e8 ./src/mode.o
 .debug_line    0x000001e8       0x5d ./src/intc_sw_handlers.o
 .debug_line    0x00000245      0x1aa ./src/intc_SW_mode_isr_vectors_MPC5748G.o
 .debug_line    0x000003ef      0x17d ./src/flashrchw.o
 .debug_line    0x0000056c      0x231 ./src/enet_rmii_udp_Z4_1.o
 .debug_line    0x0000079d       0xa0 ./src/Vector.o
 .debug_line    0x0000083d      0x1fd ./src/MPC57xx__Interrupt_Init.o
 .debug_line    0x00000a3a      0x400 ./src/ENET_UDP_Driver.o
 .debug_line    0x00000e3a       0xf6 ./Project_Settings/Startup_Code/startup.o

.debug_str      0x00000000    0x6a6ab
 .debug_str     0x00000000    0x6864f ./src/mode.o
                              0x6871c (size before relaxing)
 .debug_str     0x0006864f       0x44 ./src/intc_SW_mode_isr_vectors_MPC5748G.o
                               0x3635 (size before relaxing)
 .debug_str     0x00068693      0x11c ./src/flashrchw.o
                               0x3704 (size before relaxing)
 .debug_str     0x000687af      0x87b ./src/enet_rmii_udp_Z4_1.o
                              0x68b96 (size before relaxing)
 .debug_str     0x0006902a       0x9b ./src/Vector.o
                               0x2068 (size before relaxing)
 .debug_str     0x000690c5      0x231 ./src/MPC57xx__Interrupt_Init.o
                              0x670b6 (size before relaxing)
 .debug_str     0x000692f6     0x13b5 ./src/ENET_UDP_Driver.o
                              0x69b64 (size before relaxing)

.debug_frame    0x00000000      0x38c
 .debug_frame   0x00000000       0x80 ./src/mode.o
 .debug_frame   0x00000080       0x2c ./src/intc_SW_mode_isr_vectors_MPC5748G.o
 .debug_frame   0x000000ac       0x74 ./src/enet_rmii_udp_Z4_1.o
 .debug_frame   0x00000120       0xa0 ./src/MPC57xx__Interrupt_Init.o
 .debug_frame   0x000001c0      0x1cc ./src/ENET_UDP_Driver.o
